







Here is a list of birds:


	albatross
	blackbird
	bluebird
	cardinal
	chickadee
	crane
	crow
	cuckoo
	dove
	duck
	eagle
	egret
	falcon
	finch
	goose
	gull
	hawk
	heron
	hummingbird
	ibis
	kingfisher
	loon
	magpie
	mallard
	meadowlark
	mockingbird
	nighthawk
	osprey
	owl
	pelican
	pheasant
	pigeon
	puffin
	quail
	raven
	roadrunner
	robin
	sandpiper
	sparrow
	starling
	stork
	swallow
	swan
	tern
	turkey
	vulture
	warbler
	woodpecker
	wren
	yellowthroat



Home




